// Jest Snapshot v1, https://goo.gl/fbAQLP

exports[`renders 1`] = `
<Switch
  onValueChange={[MockFunction]}
  value={true}
/>
`;
