// Jest Snapshot v1, https://goo.gl/fbAQLP

exports[`renders 1`] = `
<TextInput
  allowFontScaling={true}
  onChangeText={[Function]}
  rejectResponderTermination={true}
  underlineColorAndroid="transparent"
  value="hello"
/>
`;
